<html>
<body>
<pre>
<h1>µVision Build Log</h1>
<h2>Project:</h2>
D:\.vscode\Coding\Projects\antigravity\VIRTUAL IOT SECURITY LABORATORY\simulation\Temperature_Node.uvproj
Project File Date:  09/24/2026

<h2>Output:</h2>
Clean started: Project: 'Temperature_Node'
   deleting intermediate output files for target 'Target 1'
Build target 'Target 1'
assembling Startup.s...
compiling main.c...
main.c(77): warning:  #1-D: last line of file ends without a newline
linking...
Program Size: Code=704 RO-data=16 RW-data=0 ZI-data=1256  
FromELF: creating hex file...
"Temperature_Node.axf" - 0 Error(s), 1 Warning(s).
Build target 'Target 1'
linking...
Program Size: Code=704 RO-data=16 RW-data=0 ZI-data=1256  
FromELF: creating hex file...
"Temperature_Node.axf" - 0 Error(s), 0 Warning(s).
Build target 'Target 1'
compiling main.c...
main.c(85): warning:  #1-D: last line of file ends without a newline
linking...
Program Size: Code=716 RO-data=16 RW-data=0 ZI-data=1256  
FromELF: creating hex file...
"Temperature_Node.axf" - 0 Error(s), 1 Warning(s).
Build target 'Target 1'
compiling main.c...
main.c(168): warning:  #1-D: last line of file ends without a newline
linking...
Program Size: Code=1560 RO-data=16 RW-data=0 ZI-data=1256  
FromELF: creating hex file...
"Temperature_Node.axf" - 0 Error(s), 1 Warning(s).
Build target 'Target 1'
compiling main.c...
main.c(184): warning:  #1-D: last line of file ends without a newline
linking...
Program Size: Code=1684 RO-data=16 RW-data=0 ZI-data=1256  
FromELF: creating hex file...
"Temperature_Node.axf" - 0 Error(s), 1 Warning(s).
Build target 'Target 1'
compiling main.c...
main.c(509): warning:  #1-D: last line of file ends without a newline
linking...
Program Size: Code=2116 RO-data=16 RW-data=0 ZI-data=1256  
FromELF: creating hex file...
"Temperature_Node.axf" - 0 Error(s), 1 Warning(s).
Build target 'Target 1'
compiling main.c...
linking...
Program Size: Code=2116 RO-data=16 RW-data=0 ZI-data=1256  
FromELF: creating hex file...
"Temperature_Node.axf" - 0 Error(s), 0 Warning(s).
